// Jest Snapshot v1, https://goo.gl/fbAQLP

exports[`Sidebar should return a valid header 1`] = `<nav />`;
