// Jest Snapshot v1, https://goo.gl/fbAQLP

exports[`Header should return a valid header 1`] = `
<Wrapper>
  <HeaderBar>
    Fixed Header
  </HeaderBar>
  <HeaderSpacer />
</Wrapper>
`;
